// Jest Snapshot v1, https://goo.gl/fbAQLP

exports[`<PokemonList /> render test empty list 1`] = `null`;

exports[`<PokemonList /> render test rendering 1`] = `
<div
  className="item-list"
>
  <div
    className="pokemon-item"
    onClick={[Function]}
  >
    <span>
      NAME
    </span>
  </div>
</div>
`;
